I'm sorry, but errors were detected in your script. Please correct the
errors listed below, and try again.


File "game/script.rpy", line 666: is not terminated with a newline. (Check strings and parenthesis.)
(Perhaps you left out a " at the end of the first line.)
        s "Focus on making what you want to create at the end of the day.

Ren'Py Version: Ren'Py 8.1.3.23091805
Fri Jan 12 20:49:49 2024
